Archive member included because of file (symbol)

E:/Martin/TEXAS INSTRUMENT/PROGRAMAS/lpmsp430g2553_core/Debug\liblpmsp430g2553_core.a(wiring.o)
                              ./LCD_3PIN.o (delayMicroseconds)
E:/Martin/TEXAS INSTRUMENT/PROGRAMAS/lpmsp430g2553_core/Debug\liblpmsp430g2553_core.a(wiring_analog.o)
                              ./LCD_3PIN.o (analogFrequency)
E:/Martin/TEXAS INSTRUMENT/PROGRAMAS/lpmsp430g2553_core/Debug\liblpmsp430g2553_core.a(wiring_digital.o)
                              ./LCD_3PIN.o (pinMode)
E:/Martin/TEXAS INSTRUMENT/PROGRAMAS/lpmsp430g2553_core/Debug\liblpmsp430g2553_core.a(main.o)
                              (main)
e:/martin/texas instrument/energia-0101e0012/hardware/tools/msp430/bin/../lib/gcc/msp430/4.6.3\libgcc.a(_mulsi3.o)
                              E:/Martin/TEXAS INSTRUMENT/PROGRAMAS/lpmsp430g2553_core/Debug\liblpmsp430g2553_core.a(wiring_analog.o) (__mulsi3)
e:/martin/texas instrument/energia-0101e0012/hardware/tools/msp430/bin/../lib/gcc/msp430/4.6.3\libgcc.a(_udivmod32.o)
                              E:/Martin/TEXAS INSTRUMENT/PROGRAMAS/lpmsp430g2553_core/Debug\liblpmsp430g2553_core.a(wiring_analog.o) (__udivsi3)
e:/martin/texas instrument/energia-0101e0012/hardware/tools/msp430/bin/../lib/gcc/msp430/4.6.3\libgcc.a(_addsub_sf.o)
                              ./LCD_3PIN.o (__subsf3)
e:/martin/texas instrument/energia-0101e0012/hardware/tools/msp430/bin/../lib/gcc/msp430/4.6.3\libgcc.a(_mul_sf.o)
                              ./LCD_3PIN.o (__mulsf3)
e:/martin/texas instrument/energia-0101e0012/hardware/tools/msp430/bin/../lib/gcc/msp430/4.6.3\libgcc.a(_div_sf.o)
                              ./LCD_3PIN.o (__divsf3)
e:/martin/texas instrument/energia-0101e0012/hardware/tools/msp430/bin/../lib/gcc/msp430/4.6.3\libgcc.a(_si_to_sf.o)
                              ./LCD_3PIN.o (__floatsisf)
e:/martin/texas instrument/energia-0101e0012/hardware/tools/msp430/bin/../lib/gcc/msp430/4.6.3\libgcc.a(_sf_to_si.o)
                              ./LCD_3PIN.o (__fixsfsi)
e:/martin/texas instrument/energia-0101e0012/hardware/tools/msp430/bin/../lib/gcc/msp430/4.6.3\libgcc.a(_thenan_sf.o)
                              e:/martin/texas instrument/energia-0101e0012/hardware/tools/msp430/bin/../lib/gcc/msp430/4.6.3\libgcc.a(_addsub_sf.o) (__thenan_sf)
e:/martin/texas instrument/energia-0101e0012/hardware/tools/msp430/bin/../lib/gcc/msp430/4.6.3\libgcc.a(_clzsi2.o)
                              e:/martin/texas instrument/energia-0101e0012/hardware/tools/msp430/bin/../lib/gcc/msp430/4.6.3\libgcc.a(_si_to_sf.o) (__clzsi2)
e:/martin/texas instrument/energia-0101e0012/hardware/tools/msp430/bin/../lib/gcc/msp430/4.6.3\libgcc.a(_pack_sf.o)
                              e:/martin/texas instrument/energia-0101e0012/hardware/tools/msp430/bin/../lib/gcc/msp430/4.6.3\libgcc.a(_addsub_sf.o) (__pack_f)
e:/martin/texas instrument/energia-0101e0012/hardware/tools/msp430/bin/../lib/gcc/msp430/4.6.3\libgcc.a(_unpack_sf.o)
                              e:/martin/texas instrument/energia-0101e0012/hardware/tools/msp430/bin/../lib/gcc/msp430/4.6.3\libgcc.a(_addsub_sf.o) (__unpack_f)
e:/martin/texas instrument/energia-0101e0012/hardware/tools/msp430/bin/../lib/gcc/msp430/4.6.3\libgcc.a(_clz.o)
                              e:/martin/texas instrument/energia-0101e0012/hardware/tools/msp430/bin/../lib/gcc/msp430/4.6.3\libgcc.a(_clzsi2.o) (__clz_tab)
e:/martin/texas instrument/energia-0101e0012/hardware/tools/msp430/bin/../lib/gcc/msp430/4.6.3/../../../../msp430/lib\libc.a(strcpy.o)
                              ./LCD_3PIN.o (strcpy)
e:/martin/texas instrument/energia-0101e0012/hardware/tools/msp430/bin/../lib/gcc/msp430/4.6.3/../../../../msp430/lib\libc.a(sprintf.o)
                              ./LCD_3PIN.o (sprintf)
e:/martin/texas instrument/energia-0101e0012/hardware/tools/msp430/bin/../lib/gcc/msp430/4.6.3/../../../../msp430/lib\libc.a(vuprintf.o)
                              e:/martin/texas instrument/energia-0101e0012/hardware/tools/msp430/bin/../lib/gcc/msp430/4.6.3/../../../../msp430/lib\libc.a(sprintf.o) (vuprintf)
e:/martin/texas instrument/energia-0101e0012/hardware/tools/msp430/bin/../lib/gcc/msp430/4.6.3\libgcc.a(_udivmod16.o)
                              e:/martin/texas instrument/energia-0101e0012/hardware/tools/msp430/bin/../lib/gcc/msp430/4.6.3/../../../../msp430/lib\libc.a(vuprintf.o) (__udivhi3)
e:/martin/texas instrument/energia-0101e0012/hardware/tools/msp430/bin/../lib/gcc/msp430/4.6.3\libgcc.a(_udivmod64.o)
                              e:/martin/texas instrument/energia-0101e0012/hardware/tools/msp430/bin/../lib/gcc/msp430/4.6.3/../../../../msp430/lib\libc.a(vuprintf.o) (__udivdi3)
e:/martin/texas instrument/energia-0101e0012/hardware/tools/msp430/bin/../lib/gcc/msp430/4.6.3\libcrt0.a(_reset_vector__.o)
                              e:/martin/texas instrument/energia-0101e0012/hardware/tools/msp430/bin/../lib/gcc/msp430/4.6.3/crt0ivtbl16.o (_reset_vector__)
e:/martin/texas instrument/energia-0101e0012/hardware/tools/msp430/bin/../lib/gcc/msp430/4.6.3\libcrt0.a(__watchdog_support.o)
                              e:/martin/texas instrument/energia-0101e0012/hardware/tools/msp430/bin/../lib/gcc/msp430/4.6.3\libcrt0.a(_reset_vector__.o) (__watchdog_support)
e:/martin/texas instrument/energia-0101e0012/hardware/tools/msp430/bin/../lib/gcc/msp430/4.6.3\libcrt0.a(__init_stack.o)
                              e:/martin/texas instrument/energia-0101e0012/hardware/tools/msp430/bin/../lib/gcc/msp430/4.6.3\libcrt0.a(_reset_vector__.o) (__init_stack)
e:/martin/texas instrument/energia-0101e0012/hardware/tools/msp430/bin/../lib/gcc/msp430/4.6.3\libcrt0.a(__low_level_init.o)
                              e:/martin/texas instrument/energia-0101e0012/hardware/tools/msp430/bin/../lib/gcc/msp430/4.6.3\libcrt0.a(_reset_vector__.o) (__low_level_init)
e:/martin/texas instrument/energia-0101e0012/hardware/tools/msp430/bin/../lib/gcc/msp430/4.6.3\libcrt0.a(_copy_data.o)
                              e:/martin/texas instrument/energia-0101e0012/hardware/tools/msp430/bin/../lib/gcc/msp430/4.6.3\libcrt0.a(_reset_vector__.o) (__do_copy_data)
e:/martin/texas instrument/energia-0101e0012/hardware/tools/msp430/bin/../lib/gcc/msp430/4.6.3\libcrt0.a(_clear_bss.o)
                              e:/martin/texas instrument/energia-0101e0012/hardware/tools/msp430/bin/../lib/gcc/msp430/4.6.3\libcrt0.a(_reset_vector__.o) (__do_clear_bss)
e:/martin/texas instrument/energia-0101e0012/hardware/tools/msp430/bin/../lib/gcc/msp430/4.6.3\libcrt0.a(__stop_progExec__.o)
                              e:/martin/texas instrument/energia-0101e0012/hardware/tools/msp430/bin/../lib/gcc/msp430/4.6.3\libcrt0.a(_reset_vector__.o) (__stop_progExec__)
e:/martin/texas instrument/energia-0101e0012/hardware/tools/msp430/bin/../lib/gcc/msp430/4.6.3\libcrt0.a(_endless_loop__.o)
                              e:/martin/texas instrument/energia-0101e0012/hardware/tools/msp430/bin/../lib/gcc/msp430/4.6.3\libcrt0.a(_reset_vector__.o) (_endless_loop__)
e:/martin/texas instrument/energia-0101e0012/hardware/tools/msp430/bin/../lib/gcc/msp430/4.6.3\libcrt0.a(_unexpected_.o)
                              e:/martin/texas instrument/energia-0101e0012/hardware/tools/msp430/bin/../lib/gcc/msp430/4.6.3/crt0ivtbl16.o (_unexpected_)

Discarded input sections

 .data          0x00000000        0x0 e:/martin/texas instrument/energia-0101e0012/hardware/tools/msp430/bin/../lib/gcc/msp430/4.6.3/crt0ivtbl16.o
 .bss           0x00000000        0x0 e:/martin/texas instrument/energia-0101e0012/hardware/tools/msp430/bin/../lib/gcc/msp430/4.6.3/crt0ivtbl16.o
 .text.crt0     0x00000000        0x0 e:/martin/texas instrument/energia-0101e0012/hardware/tools/msp430/bin/../lib/gcc/msp430/4.6.3/crt0ivtbl16.o
 .text          0x00000000        0x0 ./LCD_3PIN.o
 .data          0x00000000        0x0 ./LCD_3PIN.o
 .bss           0x00000000        0x0 ./LCD_3PIN.o
 .text          0x00000000        0x0 E:/Martin/TEXAS INSTRUMENT/PROGRAMAS/lpmsp430g2553_core/Debug\liblpmsp430g2553_core.a(wiring.o)
 .data          0x00000000        0x0 E:/Martin/TEXAS INSTRUMENT/PROGRAMAS/lpmsp430g2553_core/Debug\liblpmsp430g2553_core.a(wiring.o)
 .bss           0x00000000        0x0 E:/Martin/TEXAS INSTRUMENT/PROGRAMAS/lpmsp430g2553_core/Debug\liblpmsp430g2553_core.a(wiring.o)
 .text.disableWatchDog
                0x00000000        0x8 E:/Martin/TEXAS INSTRUMENT/PROGRAMAS/lpmsp430g2553_core/Debug\liblpmsp430g2553_core.a(wiring.o)
 .text.enableWatchDog
                0x00000000        0x6 E:/Martin/TEXAS INSTRUMENT/PROGRAMAS/lpmsp430g2553_core/Debug\liblpmsp430g2553_core.a(wiring.o)
 .text.micros   0x00000000       0x1e E:/Martin/TEXAS INSTRUMENT/PROGRAMAS/lpmsp430g2553_core/Debug\liblpmsp430g2553_core.a(wiring.o)
 .bss.wdtCounter
                0x00000000        0x4 E:/Martin/TEXAS INSTRUMENT/PROGRAMAS/lpmsp430g2553_core/Debug\liblpmsp430g2553_core.a(wiring.o)
 .text          0x00000000        0x0 E:/Martin/TEXAS INSTRUMENT/PROGRAMAS/lpmsp430g2553_core/Debug\liblpmsp430g2553_core.a(wiring_analog.o)
 .data          0x00000000        0x0 E:/Martin/TEXAS INSTRUMENT/PROGRAMAS/lpmsp430g2553_core/Debug\liblpmsp430g2553_core.a(wiring_analog.o)
 .bss           0x00000000        0x0 E:/Martin/TEXAS INSTRUMENT/PROGRAMAS/lpmsp430g2553_core/Debug\liblpmsp430g2553_core.a(wiring_analog.o)
 .text.analogReference
                0x00000000        0x6 E:/Martin/TEXAS INSTRUMENT/PROGRAMAS/lpmsp430g2553_core/Debug\liblpmsp430g2553_core.a(wiring_analog.o)
 .text.analogResolution
                0x00000000        0x6 E:/Martin/TEXAS INSTRUMENT/PROGRAMAS/lpmsp430g2553_core/Debug\liblpmsp430g2553_core.a(wiring_analog.o)
 .text          0x00000000        0x0 E:/Martin/TEXAS INSTRUMENT/PROGRAMAS/lpmsp430g2553_core/Debug\liblpmsp430g2553_core.a(wiring_digital.o)
 .data          0x00000000        0x0 E:/Martin/TEXAS INSTRUMENT/PROGRAMAS/lpmsp430g2553_core/Debug\liblpmsp430g2553_core.a(wiring_digital.o)
 .bss           0x00000000        0x0 E:/Martin/TEXAS INSTRUMENT/PROGRAMAS/lpmsp430g2553_core/Debug\liblpmsp430g2553_core.a(wiring_digital.o)
 .text.pinMode_int
                0x00000000       0x9a E:/Martin/TEXAS INSTRUMENT/PROGRAMAS/lpmsp430g2553_core/Debug\liblpmsp430g2553_core.a(wiring_digital.o)
 .text.digitalRead
                0x00000000       0x3e E:/Martin/TEXAS INSTRUMENT/PROGRAMAS/lpmsp430g2553_core/Debug\liblpmsp430g2553_core.a(wiring_digital.o)
 .rodata.port_to_input
                0x00000000        0x8 E:/Martin/TEXAS INSTRUMENT/PROGRAMAS/lpmsp430g2553_core/Debug\liblpmsp430g2553_core.a(wiring_digital.o)
 .text          0x00000000        0x0 E:/Martin/TEXAS INSTRUMENT/PROGRAMAS/lpmsp430g2553_core/Debug\liblpmsp430g2553_core.a(main.o)
 .data          0x00000000        0x0 E:/Martin/TEXAS INSTRUMENT/PROGRAMAS/lpmsp430g2553_core/Debug\liblpmsp430g2553_core.a(main.o)
 .bss           0x00000000        0x0 E:/Martin/TEXAS INSTRUMENT/PROGRAMAS/lpmsp430g2553_core/Debug\liblpmsp430g2553_core.a(main.o)
 .text          0x00000000        0x0 e:/martin/texas instrument/energia-0101e0012/hardware/tools/msp430/bin/../lib/gcc/msp430/4.6.3\libgcc.a(_mulsi3.o)
 .data          0x00000000        0x0 e:/martin/texas instrument/energia-0101e0012/hardware/tools/msp430/bin/../lib/gcc/msp430/4.6.3\libgcc.a(_mulsi3.o)
 .bss           0x00000000        0x0 e:/martin/texas instrument/energia-0101e0012/hardware/tools/msp430/bin/../lib/gcc/msp430/4.6.3\libgcc.a(_mulsi3.o)
 .text          0x00000000        0x0 e:/martin/texas instrument/energia-0101e0012/hardware/tools/msp430/bin/../lib/gcc/msp430/4.6.3\libgcc.a(_udivmod32.o)
 .data          0x00000000        0x0 e:/martin/texas instrument/energia-0101e0012/hardware/tools/msp430/bin/../lib/gcc/msp430/4.6.3\libgcc.a(_udivmod32.o)
 .bss           0x00000000        0x0 e:/martin/texas instrument/energia-0101e0012/hardware/tools/msp430/bin/../lib/gcc/msp430/4.6.3\libgcc.a(_udivmod32.o)
 .data          0x00000000        0x0 e:/martin/texas instrument/energia-0101e0012/hardware/tools/msp430/bin/../lib/gcc/msp430/4.6.3\libgcc.a(_addsub_sf.o)
 .bss           0x00000000        0x0 e:/martin/texas instrument/energia-0101e0012/hardware/tools/msp430/bin/../lib/gcc/msp430/4.6.3\libgcc.a(_addsub_sf.o)
 .data          0x00000000        0x0 e:/martin/texas instrument/energia-0101e0012/hardware/tools/msp430/bin/../lib/gcc/msp430/4.6.3\libgcc.a(_mul_sf.o)
 .bss           0x00000000        0x0 e:/martin/texas instrument/energia-0101e0012/hardware/tools/msp430/bin/../lib/gcc/msp430/4.6.3\libgcc.a(_mul_sf.o)
 .data          0x00000000        0x0 e:/martin/texas instrument/energia-0101e0012/hardware/tools/msp430/bin/../lib/gcc/msp430/4.6.3\libgcc.a(_div_sf.o)
 .bss           0x00000000        0x0 e:/martin/texas instrument/energia-0101e0012/hardware/tools/msp430/bin/../lib/gcc/msp430/4.6.3\libgcc.a(_div_sf.o)
 .data          0x00000000        0x0 e:/martin/texas instrument/energia-0101e0012/hardware/tools/msp430/bin/../lib/gcc/msp430/4.6.3\libgcc.a(_si_to_sf.o)
 .bss           0x00000000        0x0 e:/martin/texas instrument/energia-0101e0012/hardware/tools/msp430/bin/../lib/gcc/msp430/4.6.3\libgcc.a(_si_to_sf.o)
 .data          0x00000000        0x0 e:/martin/texas instrument/energia-0101e0012/hardware/tools/msp430/bin/../lib/gcc/msp430/4.6.3\libgcc.a(_sf_to_si.o)
 .bss           0x00000000        0x0 e:/martin/texas instrument/energia-0101e0012/hardware/tools/msp430/bin/../lib/gcc/msp430/4.6.3\libgcc.a(_sf_to_si.o)
 .text          0x00000000        0x0 e:/martin/texas instrument/energia-0101e0012/hardware/tools/msp430/bin/../lib/gcc/msp430/4.6.3\libgcc.a(_thenan_sf.o)
 .data          0x00000000        0x0 e:/martin/texas instrument/energia-0101e0012/hardware/tools/msp430/bin/../lib/gcc/msp430/4.6.3\libgcc.a(_thenan_sf.o)
 .bss           0x00000000        0x0 e:/martin/texas instrument/energia-0101e0012/hardware/tools/msp430/bin/../lib/gcc/msp430/4.6.3\libgcc.a(_thenan_sf.o)
 .data          0x00000000        0x0 e:/martin/texas instrument/energia-0101e0012/hardware/tools/msp430/bin/../lib/gcc/msp430/4.6.3\libgcc.a(_clzsi2.o)
 .bss           0x00000000        0x0 e:/martin/texas instrument/energia-0101e0012/hardware/tools/msp430/bin/../lib/gcc/msp430/4.6.3\libgcc.a(_clzsi2.o)
 .data          0x00000000        0x0 e:/martin/texas instrument/energia-0101e0012/hardware/tools/msp430/bin/../lib/gcc/msp430/4.6.3\libgcc.a(_pack_sf.o)
 .bss           0x00000000        0x0 e:/martin/texas instrument/energia-0101e0012/hardware/tools/msp430/bin/../lib/gcc/msp430/4.6.3\libgcc.a(_pack_sf.o)
 .data          0x00000000        0x0 e:/martin/texas instrument/energia-0101e0012/hardware/tools/msp430/bin/../lib/gcc/msp430/4.6.3\libgcc.a(_unpack_sf.o)
 .bss           0x00000000        0x0 e:/martin/texas instrument/energia-0101e0012/hardware/tools/msp430/bin/../lib/gcc/msp430/4.6.3\libgcc.a(_unpack_sf.o)
 .text          0x00000000        0x0 e:/martin/texas instrument/energia-0101e0012/hardware/tools/msp430/bin/../lib/gcc/msp430/4.6.3\libgcc.a(_clz.o)
 .data          0x00000000        0x0 e:/martin/texas instrument/energia-0101e0012/hardware/tools/msp430/bin/../lib/gcc/msp430/4.6.3\libgcc.a(_clz.o)
 .bss           0x00000000        0x0 e:/martin/texas instrument/energia-0101e0012/hardware/tools/msp430/bin/../lib/gcc/msp430/4.6.3\libgcc.a(_clz.o)
 .data          0x00000000        0x0 e:/martin/texas instrument/energia-0101e0012/hardware/tools/msp430/bin/../lib/gcc/msp430/4.6.3/../../../../msp430/lib\libc.a(strcpy.o)
 .bss           0x00000000        0x0 e:/martin/texas instrument/energia-0101e0012/hardware/tools/msp430/bin/../lib/gcc/msp430/4.6.3/../../../../msp430/lib\libc.a(strcpy.o)
 .data          0x00000000        0x0 e:/martin/texas instrument/energia-0101e0012/hardware/tools/msp430/bin/../lib/gcc/msp430/4.6.3/../../../../msp430/lib\libc.a(sprintf.o)
 .data          0x00000000        0x0 e:/martin/texas instrument/energia-0101e0012/hardware/tools/msp430/bin/../lib/gcc/msp430/4.6.3/../../../../msp430/lib\libc.a(vuprintf.o)
 .bss           0x00000000        0x0 e:/martin/texas instrument/energia-0101e0012/hardware/tools/msp430/bin/../lib/gcc/msp430/4.6.3/../../../../msp430/lib\libc.a(vuprintf.o)
 .text          0x00000000        0x0 e:/martin/texas instrument/energia-0101e0012/hardware/tools/msp430/bin/../lib/gcc/msp430/4.6.3\libgcc.a(_udivmod16.o)
 .data          0x00000000        0x0 e:/martin/texas instrument/energia-0101e0012/hardware/tools/msp430/bin/../lib/gcc/msp430/4.6.3\libgcc.a(_udivmod16.o)
 .bss           0x00000000        0x0 e:/martin/texas instrument/energia-0101e0012/hardware/tools/msp430/bin/../lib/gcc/msp430/4.6.3\libgcc.a(_udivmod16.o)
 .text          0x00000000        0x0 e:/martin/texas instrument/energia-0101e0012/hardware/tools/msp430/bin/../lib/gcc/msp430/4.6.3\libgcc.a(_udivmod64.o)
 .data          0x00000000        0x0 e:/martin/texas instrument/energia-0101e0012/hardware/tools/msp430/bin/../lib/gcc/msp430/4.6.3\libgcc.a(_udivmod64.o)
 .bss           0x00000000        0x0 e:/martin/texas instrument/energia-0101e0012/hardware/tools/msp430/bin/../lib/gcc/msp430/4.6.3\libgcc.a(_udivmod64.o)
 .text          0x00000000        0x0 e:/martin/texas instrument/energia-0101e0012/hardware/tools/msp430/bin/../lib/gcc/msp430/4.6.3\libcrt0.a(_reset_vector__.o)
 .data          0x00000000        0x0 e:/martin/texas instrument/energia-0101e0012/hardware/tools/msp430/bin/../lib/gcc/msp430/4.6.3\libcrt0.a(_reset_vector__.o)
 .bss           0x00000000        0x0 e:/martin/texas instrument/energia-0101e0012/hardware/tools/msp430/bin/../lib/gcc/msp430/4.6.3\libcrt0.a(_reset_vector__.o)
 .text          0x00000000        0x0 e:/martin/texas instrument/energia-0101e0012/hardware/tools/msp430/bin/../lib/gcc/msp430/4.6.3\libcrt0.a(__watchdog_support.o)
 .data          0x00000000        0x0 e:/martin/texas instrument/energia-0101e0012/hardware/tools/msp430/bin/../lib/gcc/msp430/4.6.3\libcrt0.a(__watchdog_support.o)
 .bss           0x00000000        0x0 e:/martin/texas instrument/energia-0101e0012/hardware/tools/msp430/bin/../lib/gcc/msp430/4.6.3\libcrt0.a(__watchdog_support.o)
 .text          0x00000000        0x0 e:/martin/texas instrument/energia-0101e0012/hardware/tools/msp430/bin/../lib/gcc/msp430/4.6.3\libcrt0.a(__init_stack.o)
 .data          0x00000000        0x0 e:/martin/texas instrument/energia-0101e0012/hardware/tools/msp430/bin/../lib/gcc/msp430/4.6.3\libcrt0.a(__init_stack.o)
 .bss           0x00000000        0x0 e:/martin/texas instrument/energia-0101e0012/hardware/tools/msp430/bin/../lib/gcc/msp430/4.6.3\libcrt0.a(__init_stack.o)
 .text          0x00000000        0x0 e:/martin/texas instrument/energia-0101e0012/hardware/tools/msp430/bin/../lib/gcc/msp430/4.6.3\libcrt0.a(__low_level_init.o)
 .data          0x00000000        0x0 e:/martin/texas instrument/energia-0101e0012/hardware/tools/msp430/bin/../lib/gcc/msp430/4.6.3\libcrt0.a(__low_level_init.o)
 .bss           0x00000000        0x0 e:/martin/texas instrument/energia-0101e0012/hardware/tools/msp430/bin/../lib/gcc/msp430/4.6.3\libcrt0.a(__low_level_init.o)
 .text          0x00000000        0x0 e:/martin/texas instrument/energia-0101e0012/hardware/tools/msp430/bin/../lib/gcc/msp430/4.6.3\libcrt0.a(_copy_data.o)
 .data          0x00000000        0x0 e:/martin/texas instrument/energia-0101e0012/hardware/tools/msp430/bin/../lib/gcc/msp430/4.6.3\libcrt0.a(_copy_data.o)
 .bss           0x00000000        0x0 e:/martin/texas instrument/energia-0101e0012/hardware/tools/msp430/bin/../lib/gcc/msp430/4.6.3\libcrt0.a(_copy_data.o)
 .text          0x00000000        0x0 e:/martin/texas instrument/energia-0101e0012/hardware/tools/msp430/bin/../lib/gcc/msp430/4.6.3\libcrt0.a(_clear_bss.o)
 .data          0x00000000        0x0 e:/martin/texas instrument/energia-0101e0012/hardware/tools/msp430/bin/../lib/gcc/msp430/4.6.3\libcrt0.a(_clear_bss.o)
 .bss           0x00000000        0x0 e:/martin/texas instrument/energia-0101e0012/hardware/tools/msp430/bin/../lib/gcc/msp430/4.6.3\libcrt0.a(_clear_bss.o)
 .text          0x00000000        0x0 e:/martin/texas instrument/energia-0101e0012/hardware/tools/msp430/bin/../lib/gcc/msp430/4.6.3\libcrt0.a(__stop_progExec__.o)
 .data          0x00000000        0x0 e:/martin/texas instrument/energia-0101e0012/hardware/tools/msp430/bin/../lib/gcc/msp430/4.6.3\libcrt0.a(__stop_progExec__.o)
 .bss           0x00000000        0x0 e:/martin/texas instrument/energia-0101e0012/hardware/tools/msp430/bin/../lib/gcc/msp430/4.6.3\libcrt0.a(__stop_progExec__.o)
 .text          0x00000000        0x0 e:/martin/texas instrument/energia-0101e0012/hardware/tools/msp430/bin/../lib/gcc/msp430/4.6.3\libcrt0.a(_endless_loop__.o)
 .data          0x00000000        0x0 e:/martin/texas instrument/energia-0101e0012/hardware/tools/msp430/bin/../lib/gcc/msp430/4.6.3\libcrt0.a(_endless_loop__.o)
 .bss           0x00000000        0x0 e:/martin/texas instrument/energia-0101e0012/hardware/tools/msp430/bin/../lib/gcc/msp430/4.6.3\libcrt0.a(_endless_loop__.o)
 .text          0x00000000        0x0 e:/martin/texas instrument/energia-0101e0012/hardware/tools/msp430/bin/../lib/gcc/msp430/4.6.3\libcrt0.a(_unexpected_.o)
 .data          0x00000000        0x0 e:/martin/texas instrument/energia-0101e0012/hardware/tools/msp430/bin/../lib/gcc/msp430/4.6.3\libcrt0.a(_unexpected_.o)
 .bss           0x00000000        0x0 e:/martin/texas instrument/energia-0101e0012/hardware/tools/msp430/bin/../lib/gcc/msp430/4.6.3\libcrt0.a(_unexpected_.o)

Memory Configuration

Name             Origin             Length             Attributes
sfr              0x00000000         0x00000010
peripheral_8bit  0x00000010         0x000000f0
peripheral_16bit 0x00000100         0x00000100
ram              0x00000200         0x00000200         xw
infomem          0x00001000         0x00000100
infod            0x00001000         0x00000040
infoc            0x00001040         0x00000040
infob            0x00001080         0x00000040
infoa            0x000010c0         0x00000040
rom              0x0000c000         0x00003fe0         xr
vectors          0x0000ffe0         0x00000020
bsl              0x00000000         0x00000000
ram2             0x00000000         0x00000000         xw
ram_mirror       0x00000000         0x00000000         xw
usbram           0x00000000         0x00000000         xw
far_rom          0x00000000         0x00000000
*default*        0x00000000         0xffffffff

Linker script and memory map

LOAD e:/martin/texas instrument/energia-0101e0012/hardware/tools/msp430/bin/../lib/gcc/msp430/4.6.3/crt0ivtbl16.o
LOAD ./LCD_3PIN.o
START GROUP
LOAD E:/Martin/TEXAS INSTRUMENT/PROGRAMAS/lpmsp430g2553_core/Debug\liblpmsp430g2553_core.a
LOAD e:/martin/texas instrument/energia-0101e0012/hardware/tools/msp430/bin/../lib/gcc/msp430/4.6.3/../../../../msp430/lib\libm.a
END GROUP
LOAD e:/martin/texas instrument/energia-0101e0012/hardware/tools/msp430/bin/../lib/gcc/msp430/4.6.3\libgcc.a
LOAD e:/martin/texas instrument/energia-0101e0012/hardware/tools/msp430/bin/../lib/gcc/msp430/4.6.3/../../../../msp430/lib\libc.a
LOAD e:/martin/texas instrument/energia-0101e0012/hardware/tools/msp430/bin/../lib/gcc/msp430/4.6.3\libgcc.a
LOAD e:/martin/texas instrument/energia-0101e0012/hardware/tools/msp430/bin/../lib/gcc/msp430/4.6.3\libcrt0.a
                0x00000040                PROVIDE (__info_segment_size, 0x40)
                0x00001000                PROVIDE (__infod, 0x1000)
                0x00001040                PROVIDE (__infoc, 0x1040)
                0x00001080                PROVIDE (__infob, 0x1080)
                0x000010c0                PROVIDE (__infoa, 0x10c0)
                0x00000000                __IE1 = 0x0
                0x00000002                __IFG1 = 0x2
                0x00000001                __IE2 = 0x1
                0x00000003                __IFG2 = 0x3
                0x00000048                __ADC10DTC0 = 0x48
                0x00000049                __ADC10DTC1 = 0x49
                0x0000004a                __ADC10AE0 = 0x4a
                0x000001b0                __ADC10CTL0 = 0x1b0
                0x000001b2                __ADC10CTL1 = 0x1b2
                0x000001b4                __ADC10MEM = 0x1b4
                0x000001bc                __ADC10SA = 0x1bc
                0x00000056                __DCOCTL = 0x56
                0x00000057                __BCSCTL1 = 0x57
                0x00000058                __BCSCTL2 = 0x58
                0x00000053                __BCSCTL3 = 0x53
                0x00000059                __CACTL1 = 0x59
                0x0000005a                __CACTL2 = 0x5a
                0x0000005b                __CAPD = 0x5b
                0x00000128                __FCTL1 = 0x128
                0x0000012a                __FCTL2 = 0x12a
                0x0000012c                __FCTL3 = 0x12c
                0x00000020                __P1IN = 0x20
                0x00000021                __P1OUT = 0x21
                0x00000022                __P1DIR = 0x22
                0x00000023                __P1IFG = 0x23
                0x00000024                __P1IES = 0x24
                0x00000025                __P1IE = 0x25
                0x00000026                __P1SEL = 0x26
                0x00000041                __P1SEL2 = 0x41
                0x00000027                __P1REN = 0x27
                0x00000028                __P2IN = 0x28
                0x00000029                __P2OUT = 0x29
                0x0000002a                __P2DIR = 0x2a
                0x0000002b                __P2IFG = 0x2b
                0x0000002c                __P2IES = 0x2c
                0x0000002d                __P2IE = 0x2d
                0x0000002e                __P2SEL = 0x2e
                0x00000042                __P2SEL2 = 0x42
                0x0000002f                __P2REN = 0x2f
                0x00000018                __P3IN = 0x18
                0x00000019                __P3OUT = 0x19
                0x0000001a                __P3DIR = 0x1a
                0x0000001b                __P3SEL = 0x1b
                0x00000043                __P3SEL2 = 0x43
                0x00000010                __P3REN = 0x10
                0x0000012e                __TA0IV = 0x12e
                0x00000160                __TA0CTL = 0x160
                0x00000162                __TA0CCTL0 = 0x162
                0x00000164                __TA0CCTL1 = 0x164
                0x00000166                __TA0CCTL2 = 0x166
                0x00000170                __TA0R = 0x170
                0x00000172                __TA0CCR0 = 0x172
                0x00000174                __TA0CCR1 = 0x174
                0x00000176                __TA0CCR2 = 0x176
                0x0000011e                __TA1IV = 0x11e
                0x00000180                __TA1CTL = 0x180
                0x00000182                __TA1CCTL0 = 0x182
                0x00000184                __TA1CCTL1 = 0x184
                0x00000186                __TA1CCTL2 = 0x186
                0x00000190                __TA1R = 0x190
                0x00000192                __TA1CCR0 = 0x192
                0x00000194                __TA1CCR1 = 0x194
                0x00000196                __TA1CCR2 = 0x196
                0x00000060                __UCA0CTL0 = 0x60
                0x00000061                __UCA0CTL1 = 0x61
                0x00000062                __UCA0BR0 = 0x62
                0x00000063                __UCA0BR1 = 0x63
                0x00000064                __UCA0MCTL = 0x64
                0x00000065                __UCA0STAT = 0x65
                0x00000066                __UCA0RXBUF = 0x66
                0x00000067                __UCA0TXBUF = 0x67
                0x0000005d                __UCA0ABCTL = 0x5d
                0x0000005e                __UCA0IRTCTL = 0x5e
                0x0000005f                __UCA0IRRCTL = 0x5f
                0x00000068                __UCB0CTL0 = 0x68
                0x00000069                __UCB0CTL1 = 0x69
                0x0000006a                __UCB0BR0 = 0x6a
                0x0000006b                __UCB0BR1 = 0x6b
                0x0000006c                __UCB0I2CIE = 0x6c
                0x0000006d                __UCB0STAT = 0x6d
                0x0000006e                __UCB0RXBUF = 0x6e
                0x0000006f                __UCB0TXBUF = 0x6f
                0x00000118                __UCB0I2COA = 0x118
                0x0000011a                __UCB0I2CSA = 0x11a
                0x00000120                __WDTCTL = 0x120
                0x000010f8                __CALDCO_16MHZ = 0x10f8
                0x000010f9                __CALBC1_16MHZ = 0x10f9
                0x000010fa                __CALDCO_12MHZ = 0x10fa
                0x000010fb                __CALBC1_12MHZ = 0x10fb
                0x000010fc                __CALDCO_8MHZ = 0x10fc
                0x000010fd                __CALBC1_8MHZ = 0x10fd
                0x000010fe                __CALDCO_1MHZ = 0x10fe
                0x000010ff                __CALBC1_1MHZ = 0x10ff

.hash
 *(.hash)

.dynsym
 *(.dynsym)

.dynstr
 *(.dynstr)

.gnu.version
 *(.gnu.version)

.gnu.version_d
 *(.gnu.version_d)

.gnu.version_r
 *(.gnu.version_r)

.rel.init
 *(.rel.init)

.rela.init
 *(.rela.init)

.rel.fini
 *(.rel.fini)

.rela.fini
 *(.rela.fini)

.rel.text
 *(.rel.text .rel.text.* .rel.gnu.linkonce.t.*)

.rela.text
 *(.rela.text .rela.text.* .rela.gnu.linkonce.t.*)

.rel.rodata
 *(.rel.rodata .rel.rodata.* .rel.gnu.linkonce.r.*)

.rela.rodata
 *(.rela.rodata .rela.rodata.* .rela.gnu.linkonce.r.*)

.rel.data
 *(.rel.data .rel.data.* .rel.gnu.linkonce.d.*)

.rela.data
 *(.rela.data .rela.data.* .rela.gnu.linkonce.d.*)

.rel.bss
 *(.rel.bss .rel.bss.* .rel.gnu.linkonce.b.*)

.rela.bss
 *(.rela.bss .rela.bss.* .rela.gnu.linkonce.b.*)

.rel.ctors
 *(.rel.ctors)

.rela.ctors
 *(.rela.ctors)

.rel.dtors
 *(.rel.dtors)

.rela.dtors
 *(.rela.dtors)

.rel.got
 *(.rel.got)

.rela.got
 *(.rela.got)

.rel.plt
 *(.rel.plt)

.rela.plt
 *(.rela.plt)

.text           0x0000c000     0x1d00
                0x0000c000                . = ALIGN (0x2)
 *(.init .init.*)
 *(.init0)
 .init0         0x0000c000        0x0 e:/martin/texas instrument/energia-0101e0012/hardware/tools/msp430/bin/../lib/gcc/msp430/4.6.3\libcrt0.a(_reset_vector__.o)
                0x0000c000                _reset_vector__
 *(.init1)
 .init1         0x0000c000        0xc e:/martin/texas instrument/energia-0101e0012/hardware/tools/msp430/bin/../lib/gcc/msp430/4.6.3\libcrt0.a(__watchdog_support.o)
                0x0000c000                __watchdog_support
 *(.init2)
 .init2         0x0000c00c        0x4 e:/martin/texas instrument/energia-0101e0012/hardware/tools/msp430/bin/../lib/gcc/msp430/4.6.3\libcrt0.a(__init_stack.o)
                0x0000c00c                __init_stack
 *(.init3)
 .init3         0x0000c010        0x0 e:/martin/texas instrument/energia-0101e0012/hardware/tools/msp430/bin/../lib/gcc/msp430/4.6.3\libcrt0.a(__low_level_init.o)
                0x0000c010                __low_level_init
 *(.init4)
 .init4         0x0000c010       0x18 e:/martin/texas instrument/energia-0101e0012/hardware/tools/msp430/bin/../lib/gcc/msp430/4.6.3\libcrt0.a(_copy_data.o)
                0x0000c010                __do_copy_data
 .init4         0x0000c028       0x16 e:/martin/texas instrument/energia-0101e0012/hardware/tools/msp430/bin/../lib/gcc/msp430/4.6.3\libcrt0.a(_clear_bss.o)
                0x0000c028                __do_clear_bss
 *(.init5)
 *(.init6)
 *(.init7)
 *(.init8)
 *(.init9)
 .init9         0x0000c03e       0x1a E:/Martin/TEXAS INSTRUMENT/PROGRAMAS/lpmsp430g2553_core/Debug\liblpmsp430g2553_core.a(main.o)
                0x0000c03e                main
 *(.fini9)
 .fini9         0x0000c058        0x0 e:/martin/texas instrument/energia-0101e0012/hardware/tools/msp430/bin/../lib/gcc/msp430/4.6.3\libcrt0.a(__stop_progExec__.o)
                0x0000c058                __stop_progExec__
 *(.fini8)
 *(.fini7)
 *(.fini6)
 *(.fini5)
 *(.fini4)
 *(.fini3)
 *(.fini2)
 *(.fini1)
 *(.fini0)
 .fini0         0x0000c058        0x6 e:/martin/texas instrument/energia-0101e0012/hardware/tools/msp430/bin/../lib/gcc/msp430/4.6.3\libcrt0.a(_endless_loop__.o)
                0x0000c058                _endless_loop__
 *(.fini .fini.*)
                0x0000c05e                . = ALIGN (0x2)
                0x0000c05e                __ctors_start = .
 *(.ctors)
                0x0000c05e                __ctors_end = .
                0x0000c05e                __dtors_start = .
 *(.dtors)
                0x0000c05e                __dtors_end = .
                0x0000c05e                . = ALIGN (0x2)
 *(.text .text.* .gnu.linkonce.t.*)
 .text          0x0000c05e        0x4 e:/martin/texas instrument/energia-0101e0012/hardware/tools/msp430/bin/../lib/gcc/msp430/4.6.3/crt0ivtbl16.o
                0x0000c05e                __isr_14
                0x0000c05e                __isr_4
                0x0000c05e                __isr_11
                0x0000c05e                __isr_5
                0x0000c05e                __isr_2
                0x0000c05e                __isr_7
                0x0000c05e                __isr_0
                0x0000c05e                __isr_8
                0x0000c05e                __isr_3
                0x0000c05e                __isr_12
                0x0000c05e                __isr_13
                0x0000c05e                __isr_9
                0x0000c05e                __isr_6
                0x0000c05e                __isr_1
 .text._Z15lcd_send_nibbleii
                0x0000c062       0x72 ./LCD_3PIN.o
                0x0000c062                lcd_send_nibble(int, int)
 .text._Z13lcd_send_byteii
                0x0000c0d4       0x58 ./LCD_3PIN.o
                0x0000c0d4                lcd_send_byte(int, int)
 .text._Z8lcd_initv
                0x0000c12c       0x6a ./LCD_3PIN.o
                0x0000c12c                lcd_init()
 .text._Z10lcd_gotoxyii
                0x0000c196       0x1e ./LCD_3PIN.o
                0x0000c196                lcd_gotoxy(int, int)
 .text._Z9lcd_clearv
                0x0000c1b4       0x12 ./LCD_3PIN.o
                0x0000c1b4                lcd_clear()
 .text._Z8lcd_putcc
                0x0000c1c6        0xc ./LCD_3PIN.o
                0x0000c1c6                lcd_putc(char)
 .text._Z8lcd_textPc
                0x0000c1d2       0x16 ./LCD_3PIN.o
                0x0000c1d2                lcd_text(char*)
 .text.loop     0x0000c1e8      0x120 ./LCD_3PIN.o
                0x0000c1e8                loop
 .text.setup    0x0000c308       0x4e ./LCD_3PIN.o
                0x0000c308                setup
 .text.enableWatchDogIntervalMode
                0x0000c356        0xc E:/Martin/TEXAS INSTRUMENT/PROGRAMAS/lpmsp430g2553_core/Debug\liblpmsp430g2553_core.a(wiring.o)
                0x0000c356                enableWatchDogIntervalMode
 .text.initClocks
                0x0000c362       0x1a E:/Martin/TEXAS INSTRUMENT/PROGRAMAS/lpmsp430g2553_core/Debug\liblpmsp430g2553_core.a(wiring.o)
                0x0000c362                initClocks
 .text.init     0x0000c37c       0x18 E:/Martin/TEXAS INSTRUMENT/PROGRAMAS/lpmsp430g2553_core/Debug\liblpmsp430g2553_core.a(wiring.o)
                0x0000c37c                init
 .text.millis   0x0000c394       0x12 E:/Martin/TEXAS INSTRUMENT/PROGRAMAS/lpmsp430g2553_core/Debug\liblpmsp430g2553_core.a(wiring.o)
                0x0000c394                millis
 .text.delayMicroseconds
                0x0000c3a6       0x12 E:/Martin/TEXAS INSTRUMENT/PROGRAMAS/lpmsp430g2553_core/Debug\liblpmsp430g2553_core.a(wiring.o)
                0x0000c3a6                delayMicroseconds
 .text.delay    0x0000c3b8       0x3a E:/Martin/TEXAS INSTRUMENT/PROGRAMAS/lpmsp430g2553_core/Debug\liblpmsp430g2553_core.a(wiring.o)
                0x0000c3b8                delay
 .text.watchdog_isr
                0x0000c3f2       0x56 E:/Martin/TEXAS INSTRUMENT/PROGRAMAS/lpmsp430g2553_core/Debug\liblpmsp430g2553_core.a(wiring.o)
                0x0000c3f2                __isr_10
                0x0000c3f2                watchdog_isr
 .text.analogFrequency
                0x0000c448       0x58 E:/Martin/TEXAS INSTRUMENT/PROGRAMAS/lpmsp430g2553_core/Debug\liblpmsp430g2553_core.a(wiring_analog.o)
                0x0000c448                analogFrequency
 .text.analogWrite
                0x0000c4a0      0x14a E:/Martin/TEXAS INSTRUMENT/PROGRAMAS/lpmsp430g2553_core/Debug\liblpmsp430g2553_core.a(wiring_analog.o)
                0x0000c4a0                analogWrite
 .text.analogRead
                0x0000c5ea       0x84 E:/Martin/TEXAS INSTRUMENT/PROGRAMAS/lpmsp430g2553_core/Debug\liblpmsp430g2553_core.a(wiring_analog.o)
                0x0000c5ea                analogRead
 .text.pinMode  0x0000c66e       0x76 E:/Martin/TEXAS INSTRUMENT/PROGRAMAS/lpmsp430g2553_core/Debug\liblpmsp430g2553_core.a(wiring_digital.o)
                0x0000c66e                pinMode
 .text.digitalWrite
                0x0000c6e4       0x4a E:/Martin/TEXAS INSTRUMENT/PROGRAMAS/lpmsp430g2553_core/Debug\liblpmsp430g2553_core.a(wiring_digital.o)
                0x0000c6e4                digitalWrite
 .text.libgcc   0x0000c72e       0x2c e:/martin/texas instrument/energia-0101e0012/hardware/tools/msp430/bin/../lib/gcc/msp430/4.6.3\libgcc.a(_mulsi3.o)
                0x0000c72e                __mulsi3
 .text.libgcc   0x0000c75a       0x40 e:/martin/texas instrument/energia-0101e0012/hardware/tools/msp430/bin/../lib/gcc/msp430/4.6.3\libgcc.a(_udivmod32.o)
                0x0000c75a                __ext_udivmod32
                0x0000c75a                __udivsi3
                0x0000c790                __umodsi3
 .text          0x0000c79a      0x32e e:/martin/texas instrument/energia-0101e0012/hardware/tools/msp430/bin/../lib/gcc/msp430/4.6.3\libgcc.a(_addsub_sf.o)
                0x0000ca2c                __addsf3
                0x0000ca78                __subsf3
 .text          0x0000cac8      0x224 e:/martin/texas instrument/energia-0101e0012/hardware/tools/msp430/bin/../lib/gcc/msp430/4.6.3\libgcc.a(_mul_sf.o)
                0x0000cac8                __mulsf3
 .text          0x0000ccec      0x150 e:/martin/texas instrument/energia-0101e0012/hardware/tools/msp430/bin/../lib/gcc/msp430/4.6.3\libgcc.a(_div_sf.o)
                0x0000ccec                __divsf3
 .text          0x0000ce3c       0xa6 e:/martin/texas instrument/energia-0101e0012/hardware/tools/msp430/bin/../lib/gcc/msp430/4.6.3\libgcc.a(_si_to_sf.o)
                0x0000ce3c                __floatsisf
 .text          0x0000cee2       0x90 e:/martin/texas instrument/energia-0101e0012/hardware/tools/msp430/bin/../lib/gcc/msp430/4.6.3\libgcc.a(_sf_to_si.o)
                0x0000cee2                __fixsfsi
 .text          0x0000cf72       0x72 e:/martin/texas instrument/energia-0101e0012/hardware/tools/msp430/bin/../lib/gcc/msp430/4.6.3\libgcc.a(_clzsi2.o)
                0x0000cf72                __clzsi2
 .text          0x0000cfe4      0x1de e:/martin/texas instrument/energia-0101e0012/hardware/tools/msp430/bin/../lib/gcc/msp430/4.6.3\libgcc.a(_pack_sf.o)
                0x0000cfe4                __pack_f
 .text          0x0000d1c2      0x124 e:/martin/texas instrument/energia-0101e0012/hardware/tools/msp430/bin/../lib/gcc/msp430/4.6.3\libgcc.a(_unpack_sf.o)
                0x0000d1c2                __unpack_f
 .text          0x0000d2e6       0x14 e:/martin/texas instrument/energia-0101e0012/hardware/tools/msp430/bin/../lib/gcc/msp430/4.6.3/../../../../msp430/lib\libc.a(strcpy.o)
                0x0000d2e6                strcpy
 .text          0x0000d2fa       0xbc e:/martin/texas instrument/energia-0101e0012/hardware/tools/msp430/bin/../lib/gcc/msp430/4.6.3/../../../../msp430/lib\libc.a(sprintf.o)
                0x0000d358                sprintf
                0x0000d374                snprintf
                0x0000d38e                vsprintf
                0x0000d3a4                vsnprintf
 .text          0x0000d3b6      0x836 e:/martin/texas instrument/energia-0101e0012/hardware/tools/msp430/bin/../lib/gcc/msp430/4.6.3/../../../../msp430/lib\libc.a(vuprintf.o)
                0x0000d54e                vuprintf
 .text.libgcc   0x0000dbec       0x22 e:/martin/texas instrument/energia-0101e0012/hardware/tools/msp430/bin/../lib/gcc/msp430/4.6.3\libgcc.a(_udivmod16.o)
                0x0000dbec                __ext_udivmod16
                0x0000dbec                __udivhi3
                0x0000dc06                __umodhi3
 .text.libgcc   0x0000dc0e       0xf0 e:/martin/texas instrument/energia-0101e0012/hardware/tools/msp430/bin/../lib/gcc/msp430/4.6.3\libgcc.a(_udivmod64.o)
                0x0000dc0e                __xabi_udivmod64
                0x0000dc6c                __udivdi3
                0x0000dc92                __umoddi3
                0x0000dcc0                __udivmoddi4
 .text.crt0     0x0000dcfe        0x2 e:/martin/texas instrument/energia-0101e0012/hardware/tools/msp430/bin/../lib/gcc/msp430/4.6.3\libcrt0.a(_unexpected_.o)
                0x0000dcfe                _unexpected_
                0x0000dd00                . = ALIGN (0x2)

.rodata         0x0000dd00      0x1f6
                0x0000dd00                . = ALIGN (0x2)
 *(.rodata .rodata.* .gnu.linkonce.r.*)
 .rodata.loop   0x0000dd00       0x13 ./LCD_3PIN.o
 .rodata.setup  0x0000dd13        0xf ./LCD_3PIN.o
 .rodata._ZL15LCD_INIT_STRING
                0x0000dd22        0x8 ./LCD_3PIN.o
 .rodata.digital_pin_to_analog_in
                0x0000dd2a       0x54 E:/Martin/TEXAS INSTRUMENT/PROGRAMAS/lpmsp430g2553_core/Debug\liblpmsp430g2553_core.a(wiring_digital.o)
                0x0000dd2a                digital_pin_to_analog_in
 .rodata.digital_pin_to_bit_mask
                0x0000dd7e       0x15 E:/Martin/TEXAS INSTRUMENT/PROGRAMAS/lpmsp430g2553_core/Debug\liblpmsp430g2553_core.a(wiring_digital.o)
                0x0000dd7e                digital_pin_to_bit_mask
 .rodata.digital_pin_to_port
                0x0000dd93       0x15 E:/Martin/TEXAS INSTRUMENT/PROGRAMAS/lpmsp430g2553_core/Debug\liblpmsp430g2553_core.a(wiring_digital.o)
                0x0000dd93                digital_pin_to_port
 .rodata.digital_pin_to_timer
                0x0000dda8       0x15 E:/Martin/TEXAS INSTRUMENT/PROGRAMAS/lpmsp430g2553_core/Debug\liblpmsp430g2553_core.a(wiring_digital.o)
                0x0000dda8                digital_pin_to_timer
 *fill*         0x0000ddbd        0x1 00
 .rodata.port_to_sel2
                0x0000ddbe        0x8 E:/Martin/TEXAS INSTRUMENT/PROGRAMAS/lpmsp430g2553_core/Debug\liblpmsp430g2553_core.a(wiring_digital.o)
                0x0000ddbe                port_to_sel2
 .rodata.port_to_sel0
                0x0000ddc6        0x8 E:/Martin/TEXAS INSTRUMENT/PROGRAMAS/lpmsp430g2553_core/Debug\liblpmsp430g2553_core.a(wiring_digital.o)
                0x0000ddc6                port_to_sel0
 .rodata.port_to_ren
                0x0000ddce        0x8 E:/Martin/TEXAS INSTRUMENT/PROGRAMAS/lpmsp430g2553_core/Debug\liblpmsp430g2553_core.a(wiring_digital.o)
                0x0000ddce                port_to_ren
 .rodata.port_to_dir
                0x0000ddd6        0x8 E:/Martin/TEXAS INSTRUMENT/PROGRAMAS/lpmsp430g2553_core/Debug\liblpmsp430g2553_core.a(wiring_digital.o)
                0x0000ddd6                port_to_dir
 .rodata.port_to_output
                0x0000ddde        0x8 E:/Martin/TEXAS INSTRUMENT/PROGRAMAS/lpmsp430g2553_core/Debug\liblpmsp430g2553_core.a(wiring_digital.o)
                0x0000ddde                port_to_output
 .rodata        0x0000dde6        0x8 e:/martin/texas instrument/energia-0101e0012/hardware/tools/msp430/bin/../lib/gcc/msp430/4.6.3\libgcc.a(_thenan_sf.o)
                0x0000dde6                __thenan_sf
 .rodata        0x0000ddee      0x100 e:/martin/texas instrument/energia-0101e0012/hardware/tools/msp430/bin/../lib/gcc/msp430/4.6.3\libgcc.a(_clz.o)
                0x0000ddee                __clz_tab
 .rodata        0x0000deee        0x7 e:/martin/texas instrument/energia-0101e0012/hardware/tools/msp430/bin/../lib/gcc/msp430/4.6.3/../../../../msp430/lib\libc.a(vuprintf.o)
                0x0000def6                . = ALIGN (0x2)
 *fill*         0x0000def5        0x1 00
                0x0000def6                _etext = .

.data           0x00000200       0x2c load address 0x0000def6
                0x00000200                . = ALIGN (0x2)
                0x00000200                PROVIDE (__data_start, .)
 *(.data .data.* .gnu.linkonce.d.*)
 .data.Mensaje1
                0x00000200       0x14 ./LCD_3PIN.o
                0x00000200                Mensaje1
 .data.Mensaje  0x00000214       0x14 ./LCD_3PIN.o
                0x00000214                Mensaje
 .data.analog_res
                0x00000228        0x2 E:/Martin/TEXAS INSTRUMENT/PROGRAMAS/lpmsp430g2553_core/Debug\liblpmsp430g2553_core.a(wiring_analog.o)
                0x00000228                analog_res
 .data.analog_period
                0x0000022a        0x2 E:/Martin/TEXAS INSTRUMENT/PROGRAMAS/lpmsp430g2553_core/Debug\liblpmsp430g2553_core.a(wiring_analog.o)
                0x0000022a                analog_period
                0x0000022c                . = ALIGN (0x2)
                0x0000022c                _edata = .
                0x0000def6                PROVIDE (__data_load_start, LOADADDR (.data))
                0x0000002c                PROVIDE (__data_size, SIZEOF (.data))

.bss            0x0000022c       0x1c load address 0x0000df22
                0x0000022c                PROVIDE (__bss_start, .)
 *(.bss .bss.*)
 .bss.vol       0x0000022c        0x4 ./LCD_3PIN.o
                0x0000022c                vol
 .bss.current   0x00000230        0x4 ./LCD_3PIN.o
                0x00000230                current
 .bss.RS_bit    0x00000234        0x2 ./LCD_3PIN.o
                0x00000234                RS_bit
 .bss.wdt_fract
                0x00000236        0x2 E:/Martin/TEXAS INSTRUMENT/PROGRAMAS/lpmsp430g2553_core/Debug\liblpmsp430g2553_core.a(wiring.o)
                0x00000236                wdt_fract
 .bss.wdt_millis
                0x00000238        0x4 E:/Martin/TEXAS INSTRUMENT/PROGRAMAS/lpmsp430g2553_core/Debug\liblpmsp430g2553_core.a(wiring.o)
                0x00000238                wdt_millis
 .bss.wdt_overflow_count
                0x0000023c        0x4 E:/Martin/TEXAS INSTRUMENT/PROGRAMAS/lpmsp430g2553_core/Debug\liblpmsp430g2553_core.a(wiring.o)
                0x0000023c                wdt_overflow_count
 .bss.analog_div
                0x00000240        0x2 E:/Martin/TEXAS INSTRUMENT/PROGRAMAS/lpmsp430g2553_core/Debug\liblpmsp430g2553_core.a(wiring_analog.o)
                0x00000240                analog_div
 .bss.analog_reference
                0x00000242        0x2 E:/Martin/TEXAS INSTRUMENT/PROGRAMAS/lpmsp430g2553_core/Debug\liblpmsp430g2553_core.a(wiring_analog.o)
                0x00000242                analog_reference
 .bss           0x00000244        0x4 e:/martin/texas instrument/energia-0101e0012/hardware/tools/msp430/bin/../lib/gcc/msp430/4.6.3/../../../../msp430/lib\libc.a(sprintf.o)
 *(COMMON)
                0x00000248                . = ALIGN (0x2)
                0x00000248                PROVIDE (__bss_end, .)
                0x0000001c                PROVIDE (__bss_size, SIZEOF (.bss))

.noinit         0x00000248        0x2 load address 0x0000df22
                0x00000248                PROVIDE (__noinit_start, .)
 *(.noinit .noinit.*)
 .noinit.crt0   0x00000248        0x2 e:/martin/texas instrument/energia-0101e0012/hardware/tools/msp430/bin/../lib/gcc/msp430/4.6.3\libcrt0.a(__watchdog_support.o)
                0x00000248                __wdt_clear_value
                0x0000024a                . = ALIGN (0x2)
                0x0000024a                PROVIDE (__noinit_end, .)
                0x0000024a                . = ALIGN (0x2)
                0x0000024a                _end = .

.infomem        0x00001000        0x0
 *(.infomem)
                0x00001000                . = ALIGN (0x2)
 *(.infomem.*)

.infomemnobits  0x00001000        0x0
 *(.infomemnobits)
                0x00001000                . = ALIGN (0x2)
 *(.infomemnobits.*)

.infoa
 *(.infoa .infoa.*)

.infob
 *(.infob .infob.*)

.infoc
 *(.infoc .infoc.*)

.infod
 *(.infod .infod.*)

.vectors        0x0000ffe0       0x20
                0x0000ffe0                PROVIDE (__vectors_start, .)
 *(.vectors*)
 .vectors       0x0000ffe0       0x20 e:/martin/texas instrument/energia-0101e0012/hardware/tools/msp430/bin/../lib/gcc/msp430/4.6.3/crt0ivtbl16.o
                0x0000ffe0                __ivtbl_16
                0x00010000                _vectors_end = .

.fartext        0x00000000        0x0
                0x00000000                . = ALIGN (0x2)
 *(.fartext)
                0x00000000                . = ALIGN (0x2)
 *(.fartext.*)
                0x00000000                _efartext = .

.profiler
 *(.profiler)

.stab
 *(.stab)

.stabstr
 *(.stabstr)

.stab.excl
 *(.stab.excl)

.stab.exclstr
 *(.stab.exclstr)

.stab.index
 *(.stab.index)

.stab.indexstr
 *(.stab.indexstr)

.comment
 *(.comment)

.debug
 *(.debug)

.line
 *(.line)

.debug_srcinfo
 *(.debug_srcinfo)

.debug_sfnames
 *(.debug_sfnames)

.debug_aranges  0x00000000      0x268
 *(.debug_aranges)
 .debug_aranges
                0x00000000       0x34 ./LCD_3PIN.o
 .debug_aranges
                0x00000034       0x38 E:/Martin/TEXAS INSTRUMENT/PROGRAMAS/lpmsp430g2553_core/Debug\liblpmsp430g2553_core.a(wiring.o)
 .debug_aranges
                0x0000006c       0x24 E:/Martin/TEXAS INSTRUMENT/PROGRAMAS/lpmsp430g2553_core/Debug\liblpmsp430g2553_core.a(wiring_analog.o)
 .debug_aranges
                0x00000090       0x20 E:/Martin/TEXAS INSTRUMENT/PROGRAMAS/lpmsp430g2553_core/Debug\liblpmsp430g2553_core.a(wiring_digital.o)
 .debug_aranges
                0x000000b0       0x14 E:/Martin/TEXAS INSTRUMENT/PROGRAMAS/lpmsp430g2553_core/Debug\liblpmsp430g2553_core.a(main.o)
 .debug_aranges
                0x000000c4       0x14 e:/martin/texas instrument/energia-0101e0012/hardware/tools/msp430/bin/../lib/gcc/msp430/4.6.3\libgcc.a(_mulsi3.o)
 .debug_aranges
                0x000000d8       0x14 e:/martin/texas instrument/energia-0101e0012/hardware/tools/msp430/bin/../lib/gcc/msp430/4.6.3\libgcc.a(_udivmod32.o)
 .debug_aranges
                0x000000ec       0x14 e:/martin/texas instrument/energia-0101e0012/hardware/tools/msp430/bin/../lib/gcc/msp430/4.6.3\libgcc.a(_addsub_sf.o)
 .debug_aranges
                0x00000100       0x14 e:/martin/texas instrument/energia-0101e0012/hardware/tools/msp430/bin/../lib/gcc/msp430/4.6.3\libgcc.a(_mul_sf.o)
 .debug_aranges
                0x00000114       0x14 e:/martin/texas instrument/energia-0101e0012/hardware/tools/msp430/bin/../lib/gcc/msp430/4.6.3\libgcc.a(_div_sf.o)
 .debug_aranges
                0x00000128       0x14 e:/martin/texas instrument/energia-0101e0012/hardware/tools/msp430/bin/../lib/gcc/msp430/4.6.3\libgcc.a(_si_to_sf.o)
 .debug_aranges
                0x0000013c       0x14 e:/martin/texas instrument/energia-0101e0012/hardware/tools/msp430/bin/../lib/gcc/msp430/4.6.3\libgcc.a(_sf_to_si.o)
 .debug_aranges
                0x00000150       0x14 e:/martin/texas instrument/energia-0101e0012/hardware/tools/msp430/bin/../lib/gcc/msp430/4.6.3\libgcc.a(_clzsi2.o)
 .debug_aranges
                0x00000164       0x14 e:/martin/texas instrument/energia-0101e0012/hardware/tools/msp430/bin/../lib/gcc/msp430/4.6.3\libgcc.a(_pack_sf.o)
 .debug_aranges
                0x00000178       0x14 e:/martin/texas instrument/energia-0101e0012/hardware/tools/msp430/bin/../lib/gcc/msp430/4.6.3\libgcc.a(_unpack_sf.o)
 .debug_aranges
                0x0000018c       0x14 e:/martin/texas instrument/energia-0101e0012/hardware/tools/msp430/bin/../lib/gcc/msp430/4.6.3/../../../../msp430/lib\libc.a(strcpy.o)
 .debug_aranges
                0x000001a0       0x14 e:/martin/texas instrument/energia-0101e0012/hardware/tools/msp430/bin/../lib/gcc/msp430/4.6.3/../../../../msp430/lib\libc.a(sprintf.o)
 .debug_aranges
                0x000001b4       0x14 e:/martin/texas instrument/energia-0101e0012/hardware/tools/msp430/bin/../lib/gcc/msp430/4.6.3/../../../../msp430/lib\libc.a(vuprintf.o)
 .debug_aranges
                0x000001c8       0x14 e:/martin/texas instrument/energia-0101e0012/hardware/tools/msp430/bin/../lib/gcc/msp430/4.6.3\libgcc.a(_udivmod16.o)
 .debug_aranges
                0x000001dc       0x14 e:/martin/texas instrument/energia-0101e0012/hardware/tools/msp430/bin/../lib/gcc/msp430/4.6.3\libgcc.a(_udivmod64.o)
 .debug_aranges
                0x000001f0       0x14 e:/martin/texas instrument/energia-0101e0012/hardware/tools/msp430/bin/../lib/gcc/msp430/4.6.3\libcrt0.a(__watchdog_support.o)
 .debug_aranges
                0x00000204       0x14 e:/martin/texas instrument/energia-0101e0012/hardware/tools/msp430/bin/../lib/gcc/msp430/4.6.3\libcrt0.a(__init_stack.o)
 .debug_aranges
                0x00000218       0x14 e:/martin/texas instrument/energia-0101e0012/hardware/tools/msp430/bin/../lib/gcc/msp430/4.6.3\libcrt0.a(_copy_data.o)
 .debug_aranges
                0x0000022c       0x14 e:/martin/texas instrument/energia-0101e0012/hardware/tools/msp430/bin/../lib/gcc/msp430/4.6.3\libcrt0.a(_clear_bss.o)
 .debug_aranges
                0x00000240       0x14 e:/martin/texas instrument/energia-0101e0012/hardware/tools/msp430/bin/../lib/gcc/msp430/4.6.3\libcrt0.a(_endless_loop__.o)
 .debug_aranges
                0x00000254       0x14 e:/martin/texas instrument/energia-0101e0012/hardware/tools/msp430/bin/../lib/gcc/msp430/4.6.3\libcrt0.a(_unexpected_.o)

.debug_pubnames
 *(.debug_pubnames)

.debug_info     0x00000000     0x3df2
 *(.debug_info)
 .debug_info    0x00000000      0x482 ./LCD_3PIN.o
 .debug_info    0x00000482      0x4a3 E:/Martin/TEXAS INSTRUMENT/PROGRAMAS/lpmsp430g2553_core/Debug\liblpmsp430g2553_core.a(wiring.o)
 .debug_info    0x00000925      0x5ed E:/Martin/TEXAS INSTRUMENT/PROGRAMAS/lpmsp430g2553_core/Debug\liblpmsp430g2553_core.a(wiring_analog.o)
 .debug_info    0x00000f12      0x74d E:/Martin/TEXAS INSTRUMENT/PROGRAMAS/lpmsp430g2553_core/Debug\liblpmsp430g2553_core.a(wiring_digital.o)
 .debug_info    0x0000165f      0x25b E:/Martin/TEXAS INSTRUMENT/PROGRAMAS/lpmsp430g2553_core/Debug\liblpmsp430g2553_core.a(main.o)
 .debug_info    0x000018ba       0x8d e:/martin/texas instrument/energia-0101e0012/hardware/tools/msp430/bin/../lib/gcc/msp430/4.6.3\libgcc.a(_mulsi3.o)
 .debug_info    0x00001947       0x8d e:/martin/texas instrument/energia-0101e0012/hardware/tools/msp430/bin/../lib/gcc/msp430/4.6.3\libgcc.a(_udivmod32.o)
 .debug_info    0x000019d4      0x425 e:/martin/texas instrument/energia-0101e0012/hardware/tools/msp430/bin/../lib/gcc/msp430/4.6.3\libgcc.a(_addsub_sf.o)
 .debug_info    0x00001df9      0x3c9 e:/martin/texas instrument/energia-0101e0012/hardware/tools/msp430/bin/../lib/gcc/msp430/4.6.3\libgcc.a(_mul_sf.o)
 .debug_info    0x000021c2      0x35c e:/martin/texas instrument/energia-0101e0012/hardware/tools/msp430/bin/../lib/gcc/msp430/4.6.3\libgcc.a(_div_sf.o)
 .debug_info    0x0000251e      0x20b e:/martin/texas instrument/energia-0101e0012/hardware/tools/msp430/bin/../lib/gcc/msp430/4.6.3\libgcc.a(_si_to_sf.o)
 .debug_info    0x00002729      0x289 e:/martin/texas instrument/energia-0101e0012/hardware/tools/msp430/bin/../lib/gcc/msp430/4.6.3\libgcc.a(_sf_to_si.o)
 .debug_info    0x000029b2      0x144 e:/martin/texas instrument/energia-0101e0012/hardware/tools/msp430/bin/../lib/gcc/msp430/4.6.3\libgcc.a(_thenan_sf.o)
 .debug_info    0x00002af6      0x109 e:/martin/texas instrument/energia-0101e0012/hardware/tools/msp430/bin/../lib/gcc/msp430/4.6.3\libgcc.a(_clzsi2.o)
 .debug_info    0x00002bff      0x2b1 e:/martin/texas instrument/energia-0101e0012/hardware/tools/msp430/bin/../lib/gcc/msp430/4.6.3\libgcc.a(_pack_sf.o)
 .debug_info    0x00002eb0      0x23e e:/martin/texas instrument/energia-0101e0012/hardware/tools/msp430/bin/../lib/gcc/msp430/4.6.3\libgcc.a(_unpack_sf.o)
 .debug_info    0x000030ee       0xa0 e:/martin/texas instrument/energia-0101e0012/hardware/tools/msp430/bin/../lib/gcc/msp430/4.6.3\libgcc.a(_clz.o)
 .debug_info    0x0000318e       0xb6 e:/martin/texas instrument/energia-0101e0012/hardware/tools/msp430/bin/../lib/gcc/msp430/4.6.3/../../../../msp430/lib\libc.a(strcpy.o)
 .debug_info    0x00003244      0x277 e:/martin/texas instrument/energia-0101e0012/hardware/tools/msp430/bin/../lib/gcc/msp430/4.6.3/../../../../msp430/lib\libc.a(sprintf.o)
 .debug_info    0x000034bb      0x565 e:/martin/texas instrument/energia-0101e0012/hardware/tools/msp430/bin/../lib/gcc/msp430/4.6.3/../../../../msp430/lib\libc.a(vuprintf.o)
 .debug_info    0x00003a20       0x8d e:/martin/texas instrument/energia-0101e0012/hardware/tools/msp430/bin/../lib/gcc/msp430/4.6.3\libgcc.a(_udivmod16.o)
 .debug_info    0x00003aad       0x8d e:/martin/texas instrument/energia-0101e0012/hardware/tools/msp430/bin/../lib/gcc/msp430/4.6.3\libgcc.a(_udivmod64.o)
 .debug_info    0x00003b3a       0x74 e:/martin/texas instrument/energia-0101e0012/hardware/tools/msp430/bin/../lib/gcc/msp430/4.6.3\libcrt0.a(__watchdog_support.o)
 .debug_info    0x00003bae       0x74 e:/martin/texas instrument/energia-0101e0012/hardware/tools/msp430/bin/../lib/gcc/msp430/4.6.3\libcrt0.a(__init_stack.o)
 .debug_info    0x00003c22       0x74 e:/martin/texas instrument/energia-0101e0012/hardware/tools/msp430/bin/../lib/gcc/msp430/4.6.3\libcrt0.a(_copy_data.o)
 .debug_info    0x00003c96       0x74 e:/martin/texas instrument/energia-0101e0012/hardware/tools/msp430/bin/../lib/gcc/msp430/4.6.3\libcrt0.a(_clear_bss.o)
 .debug_info    0x00003d0a       0x74 e:/martin/texas instrument/energia-0101e0012/hardware/tools/msp430/bin/../lib/gcc/msp430/4.6.3\libcrt0.a(_endless_loop__.o)
 .debug_info    0x00003d7e       0x74 e:/martin/texas instrument/energia-0101e0012/hardware/tools/msp430/bin/../lib/gcc/msp430/4.6.3\libcrt0.a(_unexpected_.o)
 *(.gnu.linkonce.wi.*)

.debug_abbrev   0x00000000     0x17db
 *(.debug_abbrev)
 .debug_abbrev  0x00000000      0x184 ./LCD_3PIN.o
 .debug_abbrev  0x00000184      0x1e3 E:/Martin/TEXAS INSTRUMENT/PROGRAMAS/lpmsp430g2553_core/Debug\liblpmsp430g2553_core.a(wiring.o)
 .debug_abbrev  0x00000367      0x1af E:/Martin/TEXAS INSTRUMENT/PROGRAMAS/lpmsp430g2553_core/Debug\liblpmsp430g2553_core.a(wiring_analog.o)
 .debug_abbrev  0x00000516      0x14c E:/Martin/TEXAS INSTRUMENT/PROGRAMAS/lpmsp430g2553_core/Debug\liblpmsp430g2553_core.a(wiring_digital.o)
 .debug_abbrev  0x00000662       0x80 E:/Martin/TEXAS INSTRUMENT/PROGRAMAS/lpmsp430g2553_core/Debug\liblpmsp430g2553_core.a(main.o)
 .debug_abbrev  0x000006e2       0x14 e:/martin/texas instrument/energia-0101e0012/hardware/tools/msp430/bin/../lib/gcc/msp430/4.6.3\libgcc.a(_mulsi3.o)
 .debug_abbrev  0x000006f6       0x14 e:/martin/texas instrument/energia-0101e0012/hardware/tools/msp430/bin/../lib/gcc/msp430/4.6.3\libgcc.a(_udivmod32.o)
 .debug_abbrev  0x0000070a      0x1ab e:/martin/texas instrument/energia-0101e0012/hardware/tools/msp430/bin/../lib/gcc/msp430/4.6.3\libgcc.a(_addsub_sf.o)
 .debug_abbrev  0x000008b5      0x1d9 e:/martin/texas instrument/energia-0101e0012/hardware/tools/msp430/bin/../lib/gcc/msp430/4.6.3\libgcc.a(_mul_sf.o)
 .debug_abbrev  0x00000a8e      0x1c4 e:/martin/texas instrument/energia-0101e0012/hardware/tools/msp430/bin/../lib/gcc/msp430/4.6.3\libgcc.a(_div_sf.o)
 .debug_abbrev  0x00000c52      0x164 e:/martin/texas instrument/energia-0101e0012/hardware/tools/msp430/bin/../lib/gcc/msp430/4.6.3\libgcc.a(_si_to_sf.o)
 .debug_abbrev  0x00000db6      0x160 e:/martin/texas instrument/energia-0101e0012/hardware/tools/msp430/bin/../lib/gcc/msp430/4.6.3\libgcc.a(_sf_to_si.o)
 .debug_abbrev  0x00000f16       0xba e:/martin/texas instrument/energia-0101e0012/hardware/tools/msp430/bin/../lib/gcc/msp430/4.6.3\libgcc.a(_thenan_sf.o)
 .debug_abbrev  0x00000fd0       0xac e:/martin/texas instrument/energia-0101e0012/hardware/tools/msp430/bin/../lib/gcc/msp430/4.6.3\libgcc.a(_clzsi2.o)
 .debug_abbrev  0x0000107c      0x192 e:/martin/texas instrument/energia-0101e0012/hardware/tools/msp430/bin/../lib/gcc/msp430/4.6.3\libgcc.a(_pack_sf.o)
 .debug_abbrev  0x0000120e      0x15a e:/martin/texas instrument/energia-0101e0012/hardware/tools/msp430/bin/../lib/gcc/msp430/4.6.3\libgcc.a(_unpack_sf.o)
 .debug_abbrev  0x00001368       0x61 e:/martin/texas instrument/energia-0101e0012/hardware/tools/msp430/bin/../lib/gcc/msp430/4.6.3\libgcc.a(_clz.o)
 .debug_abbrev  0x000013c9       0x7e e:/martin/texas instrument/energia-0101e0012/hardware/tools/msp430/bin/../lib/gcc/msp430/4.6.3/../../../../msp430/lib\libc.a(strcpy.o)
 .debug_abbrev  0x00001447      0x105 e:/martin/texas instrument/energia-0101e0012/hardware/tools/msp430/bin/../lib/gcc/msp430/4.6.3/../../../../msp430/lib\libc.a(sprintf.o)
 .debug_abbrev  0x0000154c      0x1ef e:/martin/texas instrument/energia-0101e0012/hardware/tools/msp430/bin/../lib/gcc/msp430/4.6.3/../../../../msp430/lib\libc.a(vuprintf.o)
 .debug_abbrev  0x0000173b       0x14 e:/martin/texas instrument/energia-0101e0012/hardware/tools/msp430/bin/../lib/gcc/msp430/4.6.3\libgcc.a(_udivmod16.o)
 .debug_abbrev  0x0000174f       0x14 e:/martin/texas instrument/energia-0101e0012/hardware/tools/msp430/bin/../lib/gcc/msp430/4.6.3\libgcc.a(_udivmod64.o)
 .debug_abbrev  0x00001763       0x14 e:/martin/texas instrument/energia-0101e0012/hardware/tools/msp430/bin/../lib/gcc/msp430/4.6.3\libcrt0.a(__watchdog_support.o)
 .debug_abbrev  0x00001777       0x14 e:/martin/texas instrument/energia-0101e0012/hardware/tools/msp430/bin/../lib/gcc/msp430/4.6.3\libcrt0.a(__init_stack.o)
 .debug_abbrev  0x0000178b       0x14 e:/martin/texas instrument/energia-0101e0012/hardware/tools/msp430/bin/../lib/gcc/msp430/4.6.3\libcrt0.a(_copy_data.o)
 .debug_abbrev  0x0000179f       0x14 e:/martin/texas instrument/energia-0101e0012/hardware/tools/msp430/bin/../lib/gcc/msp430/4.6.3\libcrt0.a(_clear_bss.o)
 .debug_abbrev  0x000017b3       0x14 e:/martin/texas instrument/energia-0101e0012/hardware/tools/msp430/bin/../lib/gcc/msp430/4.6.3\libcrt0.a(_endless_loop__.o)
 .debug_abbrev  0x000017c7       0x14 e:/martin/texas instrument/energia-0101e0012/hardware/tools/msp430/bin/../lib/gcc/msp430/4.6.3\libcrt0.a(_unexpected_.o)

.debug_line     0x00000000     0x191e
 *(.debug_line)
 .debug_line    0x00000000      0x1f1 ./LCD_3PIN.o
 .debug_line    0x000001f1      0x236 E:/Martin/TEXAS INSTRUMENT/PROGRAMAS/lpmsp430g2553_core/Debug\liblpmsp430g2553_core.a(wiring.o)
 .debug_line    0x00000427      0x21f E:/Martin/TEXAS INSTRUMENT/PROGRAMAS/lpmsp430g2553_core/Debug\liblpmsp430g2553_core.a(wiring_analog.o)
 .debug_line    0x00000646      0x206 E:/Martin/TEXAS INSTRUMENT/PROGRAMAS/lpmsp430g2553_core/Debug\liblpmsp430g2553_core.a(wiring_digital.o)
 .debug_line    0x0000084c      0x16d E:/Martin/TEXAS INSTRUMENT/PROGRAMAS/lpmsp430g2553_core/Debug\liblpmsp430g2553_core.a(main.o)
 .debug_line    0x000009b9       0x7e e:/martin/texas instrument/energia-0101e0012/hardware/tools/msp430/bin/../lib/gcc/msp430/4.6.3\libgcc.a(_mulsi3.o)
 .debug_line    0x00000a37       0x86 e:/martin/texas instrument/energia-0101e0012/hardware/tools/msp430/bin/../lib/gcc/msp430/4.6.3\libgcc.a(_udivmod32.o)
 .debug_line    0x00000abd      0x117 e:/martin/texas instrument/energia-0101e0012/hardware/tools/msp430/bin/../lib/gcc/msp430/4.6.3\libgcc.a(_addsub_sf.o)
 .debug_line    0x00000bd4      0x10f e:/martin/texas instrument/energia-0101e0012/hardware/tools/msp430/bin/../lib/gcc/msp430/4.6.3\libgcc.a(_mul_sf.o)
 .debug_line    0x00000ce3       0xd1 e:/martin/texas instrument/energia-0101e0012/hardware/tools/msp430/bin/../lib/gcc/msp430/4.6.3\libgcc.a(_div_sf.o)
 .debug_line    0x00000db4       0xa1 e:/martin/texas instrument/energia-0101e0012/hardware/tools/msp430/bin/../lib/gcc/msp430/4.6.3\libgcc.a(_si_to_sf.o)
 .debug_line    0x00000e55       0x97 e:/martin/texas instrument/energia-0101e0012/hardware/tools/msp430/bin/../lib/gcc/msp430/4.6.3\libgcc.a(_sf_to_si.o)
 .debug_line    0x00000eec       0x6c e:/martin/texas instrument/energia-0101e0012/hardware/tools/msp430/bin/../lib/gcc/msp430/4.6.3\libgcc.a(_thenan_sf.o)
 .debug_line    0x00000f58       0x99 e:/martin/texas instrument/energia-0101e0012/hardware/tools/msp430/bin/../lib/gcc/msp430/4.6.3\libgcc.a(_clzsi2.o)
 .debug_line    0x00000ff1       0xda e:/martin/texas instrument/energia-0101e0012/hardware/tools/msp430/bin/../lib/gcc/msp430/4.6.3\libgcc.a(_pack_sf.o)
 .debug_line    0x000010cb       0xb5 e:/martin/texas instrument/energia-0101e0012/hardware/tools/msp430/bin/../lib/gcc/msp430/4.6.3\libgcc.a(_unpack_sf.o)
 .debug_line    0x00001180       0x5b e:/martin/texas instrument/energia-0101e0012/hardware/tools/msp430/bin/../lib/gcc/msp430/4.6.3\libgcc.a(_clz.o)
 .debug_line    0x000011db       0x4d e:/martin/texas instrument/energia-0101e0012/hardware/tools/msp430/bin/../lib/gcc/msp430/4.6.3/../../../../msp430/lib\libc.a(strcpy.o)
 .debug_line    0x00001228       0xa9 e:/martin/texas instrument/energia-0101e0012/hardware/tools/msp430/bin/../lib/gcc/msp430/4.6.3/../../../../msp430/lib\libc.a(sprintf.o)
 .debug_line    0x000012d1      0x2df e:/martin/texas instrument/energia-0101e0012/hardware/tools/msp430/bin/../lib/gcc/msp430/4.6.3/../../../../msp430/lib\libc.a(vuprintf.o)
 .debug_line    0x000015b0       0x77 e:/martin/texas instrument/energia-0101e0012/hardware/tools/msp430/bin/../lib/gcc/msp430/4.6.3\libgcc.a(_udivmod16.o)
 .debug_line    0x00001627       0xcc e:/martin/texas instrument/energia-0101e0012/hardware/tools/msp430/bin/../lib/gcc/msp430/4.6.3\libgcc.a(_udivmod64.o)
 .debug_line    0x000016f3       0x5c e:/martin/texas instrument/energia-0101e0012/hardware/tools/msp430/bin/../lib/gcc/msp430/4.6.3\libcrt0.a(__watchdog_support.o)
 .debug_line    0x0000174f       0x5a e:/martin/texas instrument/energia-0101e0012/hardware/tools/msp430/bin/../lib/gcc/msp430/4.6.3\libcrt0.a(__init_stack.o)
 .debug_line    0x000017a9       0x60 e:/martin/texas instrument/energia-0101e0012/hardware/tools/msp430/bin/../lib/gcc/msp430/4.6.3\libcrt0.a(_copy_data.o)
 .debug_line    0x00001809       0x60 e:/martin/texas instrument/energia-0101e0012/hardware/tools/msp430/bin/../lib/gcc/msp430/4.6.3\libcrt0.a(_clear_bss.o)
 .debug_line    0x00001869       0x5b e:/martin/texas instrument/energia-0101e0012/hardware/tools/msp430/bin/../lib/gcc/msp430/4.6.3\libcrt0.a(_endless_loop__.o)
 .debug_line    0x000018c4       0x5a e:/martin/texas instrument/energia-0101e0012/hardware/tools/msp430/bin/../lib/gcc/msp430/4.6.3\libcrt0.a(_unexpected_.o)

.debug_frame    0x00000000      0x57a
 *(.debug_frame)
 .debug_frame   0x00000000       0xd8 ./LCD_3PIN.o
 .debug_frame   0x000000d8       0xb2 E:/Martin/TEXAS INSTRUMENT/PROGRAMAS/lpmsp430g2553_core/Debug\liblpmsp430g2553_core.a(wiring.o)
 .debug_frame   0x0000018a       0x62 E:/Martin/TEXAS INSTRUMENT/PROGRAMAS/lpmsp430g2553_core/Debug\liblpmsp430g2553_core.a(wiring_analog.o)
 .debug_frame   0x000001ec       0x70 E:/Martin/TEXAS INSTRUMENT/PROGRAMAS/lpmsp430g2553_core/Debug\liblpmsp430g2553_core.a(wiring_digital.o)
 .debug_frame   0x0000025c       0x1e E:/Martin/TEXAS INSTRUMENT/PROGRAMAS/lpmsp430g2553_core/Debug\liblpmsp430g2553_core.a(main.o)
 .debug_frame   0x0000027a       0x6a e:/martin/texas instrument/energia-0101e0012/hardware/tools/msp430/bin/../lib/gcc/msp430/4.6.3\libgcc.a(_addsub_sf.o)
 .debug_frame   0x000002e4       0x4a e:/martin/texas instrument/energia-0101e0012/hardware/tools/msp430/bin/../lib/gcc/msp430/4.6.3\libgcc.a(_mul_sf.o)
 .debug_frame   0x0000032e       0x3a e:/martin/texas instrument/energia-0101e0012/hardware/tools/msp430/bin/../lib/gcc/msp430/4.6.3\libgcc.a(_div_sf.o)
 .debug_frame   0x00000368       0x2c e:/martin/texas instrument/energia-0101e0012/hardware/tools/msp430/bin/../lib/gcc/msp430/4.6.3\libgcc.a(_si_to_sf.o)
 .debug_frame   0x00000394       0x22 e:/martin/texas instrument/energia-0101e0012/hardware/tools/msp430/bin/../lib/gcc/msp430/4.6.3\libgcc.a(_sf_to_si.o)
 .debug_frame   0x000003b6       0x2e e:/martin/texas instrument/energia-0101e0012/hardware/tools/msp430/bin/../lib/gcc/msp430/4.6.3\libgcc.a(_clzsi2.o)
 .debug_frame   0x000003e4       0x38 e:/martin/texas instrument/energia-0101e0012/hardware/tools/msp430/bin/../lib/gcc/msp430/4.6.3\libgcc.a(_pack_sf.o)
 .debug_frame   0x0000041c       0x28 e:/martin/texas instrument/energia-0101e0012/hardware/tools/msp430/bin/../lib/gcc/msp430/4.6.3\libgcc.a(_unpack_sf.o)
 .debug_frame   0x00000444       0x1e e:/martin/texas instrument/energia-0101e0012/hardware/tools/msp430/bin/../lib/gcc/msp430/4.6.3/../../../../msp430/lib\libc.a(strcpy.o)
 .debug_frame   0x00000462       0x68 e:/martin/texas instrument/energia-0101e0012/hardware/tools/msp430/bin/../lib/gcc/msp430/4.6.3/../../../../msp430/lib\libc.a(sprintf.o)
 .debug_frame   0x000004ca       0xb0 e:/martin/texas instrument/energia-0101e0012/hardware/tools/msp430/bin/../lib/gcc/msp430/4.6.3/../../../../msp430/lib\libc.a(vuprintf.o)

.debug_str      0x00000000      0xe2e
 *(.debug_str)
 .debug_str     0x00000000      0x2b1 ./LCD_3PIN.o
                                0x2f7 (size before relaxing)
 .debug_str     0x000002b1      0x1bf E:/Martin/TEXAS INSTRUMENT/PROGRAMAS/lpmsp430g2553_core/Debug\liblpmsp430g2553_core.a(wiring.o)
                                0x350 (size before relaxing)
 .debug_str     0x00000470      0x27f E:/Martin/TEXAS INSTRUMENT/PROGRAMAS/lpmsp430g2553_core/Debug\liblpmsp430g2553_core.a(wiring_analog.o)
                                0x49c (size before relaxing)
 .debug_str     0x000006ef      0x152 E:/Martin/TEXAS INSTRUMENT/PROGRAMAS/lpmsp430g2553_core/Debug\liblpmsp430g2553_core.a(wiring_digital.o)
                                0x44e (size before relaxing)
 .debug_str     0x00000841       0x96 E:/Martin/TEXAS INSTRUMENT/PROGRAMAS/lpmsp430g2553_core/Debug\liblpmsp430g2553_core.a(main.o)
                                0x221 (size before relaxing)
 .debug_str     0x000008d7      0x17f e:/martin/texas instrument/energia-0101e0012/hardware/tools/msp430/bin/../lib/gcc/msp430/4.6.3\libgcc.a(_addsub_sf.o)
                                0x238 (size before relaxing)
 .debug_str     0x00000a56       0x27 e:/martin/texas instrument/energia-0101e0012/hardware/tools/msp430/bin/../lib/gcc/msp430/4.6.3\libgcc.a(_mul_sf.o)
                                0x1f1 (size before relaxing)
 .debug_str     0x00000a7d       0x35 e:/martin/texas instrument/energia-0101e0012/hardware/tools/msp430/bin/../lib/gcc/msp430/4.6.3\libgcc.a(_div_sf.o)
                                0x1fa (size before relaxing)
 .debug_str     0x00000ab2       0x27 e:/martin/texas instrument/energia-0101e0012/hardware/tools/msp430/bin/../lib/gcc/msp430/4.6.3\libgcc.a(_si_to_sf.o)
                                0x1ae (size before relaxing)
 .debug_str     0x00000ad9        0xa e:/martin/texas instrument/energia-0101e0012/hardware/tools/msp430/bin/../lib/gcc/msp430/4.6.3\libgcc.a(_sf_to_si.o)
                                0x1c8 (size before relaxing)
 .debug_str     0x00000000      0x16a e:/martin/texas instrument/energia-0101e0012/hardware/tools/msp430/bin/../lib/gcc/msp430/4.6.3\libgcc.a(_thenan_sf.o)
 .debug_str     0x00000ae3       0x53 e:/martin/texas instrument/energia-0101e0012/hardware/tools/msp430/bin/../lib/gcc/msp430/4.6.3\libgcc.a(_clzsi2.o)
                                0x14a (size before relaxing)
 .debug_str     0x00000b36       0x10 e:/martin/texas instrument/energia-0101e0012/hardware/tools/msp430/bin/../lib/gcc/msp430/4.6.3\libgcc.a(_pack_sf.o)
                                0x1c7 (size before relaxing)
 .debug_str     0x00000b46        0xb e:/martin/texas instrument/energia-0101e0012/hardware/tools/msp430/bin/../lib/gcc/msp430/4.6.3\libgcc.a(_unpack_sf.o)
                                0x1a9 (size before relaxing)
 .debug_str     0x00000000      0x12d e:/martin/texas instrument/energia-0101e0012/hardware/tools/msp430/bin/../lib/gcc/msp430/4.6.3\libgcc.a(_clz.o)
 .debug_str     0x00000b51       0x49 e:/martin/texas instrument/energia-0101e0012/hardware/tools/msp430/bin/../lib/gcc/msp430/4.6.3/../../../../msp430/lib\libc.a(strcpy.o)
                                0x107 (size before relaxing)
 .debug_str     0x00000b9a       0x9b e:/martin/texas instrument/energia-0101e0012/hardware/tools/msp430/bin/../lib/gcc/msp430/4.6.3/../../../../msp430/lib\libc.a(sprintf.o)
                                0x198 (size before relaxing)
 .debug_str     0x00000c35      0x1f9 e:/martin/texas instrument/energia-0101e0012/hardware/tools/msp430/bin/../lib/gcc/msp430/4.6.3/../../../../msp430/lib\libc.a(vuprintf.o)
                                0x37e (size before relaxing)

.debug_loc      0x00000000     0x17a4
 *(.debug_loc)
 .debug_loc     0x00000000      0x189 ./LCD_3PIN.o
 .debug_loc     0x00000189       0xde E:/Martin/TEXAS INSTRUMENT/PROGRAMAS/lpmsp430g2553_core/Debug\liblpmsp430g2553_core.a(wiring.o)
 .debug_loc     0x00000267      0x14a E:/Martin/TEXAS INSTRUMENT/PROGRAMAS/lpmsp430g2553_core/Debug\liblpmsp430g2553_core.a(wiring_analog.o)
 .debug_loc     0x000003b1      0x272 E:/Martin/TEXAS INSTRUMENT/PROGRAMAS/lpmsp430g2553_core/Debug\liblpmsp430g2553_core.a(wiring_digital.o)
 .debug_loc     0x00000623      0x2ca e:/martin/texas instrument/energia-0101e0012/hardware/tools/msp430/bin/../lib/gcc/msp430/4.6.3\libgcc.a(_addsub_sf.o)
 .debug_loc     0x000008ed      0x23c e:/martin/texas instrument/energia-0101e0012/hardware/tools/msp430/bin/../lib/gcc/msp430/4.6.3\libgcc.a(_mul_sf.o)
 .debug_loc     0x00000b29      0x110 e:/martin/texas instrument/energia-0101e0012/hardware/tools/msp430/bin/../lib/gcc/msp430/4.6.3\libgcc.a(_div_sf.o)
 .debug_loc     0x00000c39       0xa2 e:/martin/texas instrument/energia-0101e0012/hardware/tools/msp430/bin/../lib/gcc/msp430/4.6.3\libgcc.a(_si_to_sf.o)
 .debug_loc     0x00000cdb       0x3c e:/martin/texas instrument/energia-0101e0012/hardware/tools/msp430/bin/../lib/gcc/msp430/4.6.3\libgcc.a(_sf_to_si.o)
 .debug_loc     0x00000d17       0x80 e:/martin/texas instrument/energia-0101e0012/hardware/tools/msp430/bin/../lib/gcc/msp430/4.6.3\libgcc.a(_clzsi2.o)
 .debug_loc     0x00000d97      0x181 e:/martin/texas instrument/energia-0101e0012/hardware/tools/msp430/bin/../lib/gcc/msp430/4.6.3\libgcc.a(_pack_sf.o)
 .debug_loc     0x00000f18       0x83 e:/martin/texas instrument/energia-0101e0012/hardware/tools/msp430/bin/../lib/gcc/msp430/4.6.3\libgcc.a(_unpack_sf.o)
 .debug_loc     0x00000f9b       0x12 e:/martin/texas instrument/energia-0101e0012/hardware/tools/msp430/bin/../lib/gcc/msp430/4.6.3/../../../../msp430/lib\libc.a(strcpy.o)
 .debug_loc     0x00000fad       0xeb e:/martin/texas instrument/energia-0101e0012/hardware/tools/msp430/bin/../lib/gcc/msp430/4.6.3/../../../../msp430/lib\libc.a(sprintf.o)
 .debug_loc     0x00001098      0x70c e:/martin/texas instrument/energia-0101e0012/hardware/tools/msp430/bin/../lib/gcc/msp430/4.6.3/../../../../msp430/lib\libc.a(vuprintf.o)

.debug_macinfo
 *(.debug_macinfo)

.debug_pubtypes
 *(.debug_pubtypes)

.debug_ranges   0x00000000       0x84
 *(.debug_ranges)
 .debug_ranges  0x00000000       0x14 e:/martin/texas instrument/energia-0101e0012/hardware/tools/msp430/bin/../lib/gcc/msp430/4.6.3\libgcc.a(_addsub_sf.o)
 .debug_ranges  0x00000014       0x28 e:/martin/texas instrument/energia-0101e0012/hardware/tools/msp430/bin/../lib/gcc/msp430/4.6.3\libgcc.a(_mul_sf.o)
 .debug_ranges  0x0000003c       0x24 e:/martin/texas instrument/energia-0101e0012/hardware/tools/msp430/bin/../lib/gcc/msp430/4.6.3\libgcc.a(_div_sf.o)
 .debug_ranges  0x00000060        0xc e:/martin/texas instrument/energia-0101e0012/hardware/tools/msp430/bin/../lib/gcc/msp430/4.6.3\libgcc.a(_clzsi2.o)
 .debug_ranges  0x0000006c       0x18 e:/martin/texas instrument/energia-0101e0012/hardware/tools/msp430/bin/../lib/gcc/msp430/4.6.3/../../../../msp430/lib\libc.a(vuprintf.o)
                0x00000400                PROVIDE (__stack, (ORIGIN (ram) + 0x200))
                0x0000def6                PROVIDE (__data_start_rom, _etext)
                0x0000df22                PROVIDE (__data_end_rom, (_etext + SIZEOF (.data)))
OUTPUT(LCD_3PIN.out elf32-msp430)
